// Jest Snapshot v1, https://goo.gl/fbAQLP

exports[`Babel GraphQL Import - Plugin Babel Plugin transforms the import statement into a variable with the intended content 1`] = `"/* babel-plugin-graphql-import './fixtures/example.graphql' */var SomeExample = 'type Object {\\\\n  hello: String\\\\n}\\\\n';"`;
